   Compiling xarxa v0.13.1 (/Users/andrew/research/xarxa-nopanic)
summary. 60 functions processed: 2 checked; 58 trusted; 0 ignored. 0 constraints solved. Finished in 324.39ms
summary. 39 functions processed: 39 checked; 0 trusted; 0 ignored. 1 constraints solved. Finished in 109.07ms
summary. 1 functions processed: 0 checked; 1 trusted; 0 ignored. 0 constraints solved. Finished in 1m 57s
warning: unused import: `crate::iface::Route`
 --> src/iface/interface/ipv6.rs:3:5
  |
3 | use crate::iface::Route;
  |     ^^^^^^^^^^^^^^^^^^^
  |
  = note: `#[warn(unused_imports)]` (part of `#[warn(unused)]`) on by default

warning: unused import: `super::fragmentation::PacketAssemblerSet`
  --> src/iface/interface/mod.rs:35:5
   |
35 | use super::fragmentation::PacketAssemblerSet;
   |     ^^^^^^^^^^^^^^^^^^^^^^^^^^^^^^^^^^^^^^^^

warning: unused imports: `IFACE_MAX_PREFIX_COUNT` and `IFACE_MAX_SIXLOWPAN_ADDRESS_CONTEXT_COUNT`
  --> src/iface/interface/mod.rs:42:27
   |
42 |     IFACE_MAX_ADDR_COUNT, IFACE_MAX_PREFIX_COUNT, IFACE_MAX_SIXLOWPAN_ADDRESS_CONTEXT_COUNT,
   |                           ^^^^^^^^^^^^^^^^^^^^^^  ^^^^^^^^^^^^^^^^^^^^^^^^^^^^^^^^^^^^^^^^^

warning: unused import: `NetworkEndian`
 --> src/wire/icmpv6.rs:1:28
  |
1 | use byteorder::{ByteOrder, NetworkEndian};
  |                            ^^^^^^^^^^^^^

warning: unused import: `NetworkEndian`
 --> src/wire/ipv6.rs:3:28
  |
3 | use byteorder::{ByteOrder, NetworkEndian};
  |                            ^^^^^^^^^^^^^

warning: unused import: `RawHardwareAddress`
 --> src/wire/ndisc.rs:6:37
  |
6 | use crate::wire::{Maybe, MaybeAddr, RawHardwareAddress};
  |                                     ^^^^^^^^^^^^^^^^^^

warning: unused import: `ByteOrder`
 --> src/wire/ipv6.rs:3:17
  |
3 | use byteorder::{ByteOrder, NetworkEndian};
  |                 ^^^^^^^^^

warning: unused import: `ByteOrder`
 --> src/wire/icmpv6.rs:1:17
  |
1 | use byteorder::{ByteOrder, NetworkEndian};
  |                 ^^^^^^^^^

warning: variable does not need to be mutable
   --> src/iface/interface/ipv4.rs:122:13
    |
122 |         let mut ipv4_repr = check!(Ipv4Repr::parse_ref(ipv4_packet, &self.caps.checksum));
    |             ----^^^^^^^^^
    |             |
    |             help: remove this `mut`
    |
    = note: `#[warn(unused_mut)]` (part of `#[warn(unused)]`) on by default

warning: unused variable: `frag`
   --> src/iface/interface/ipv4.rs:119:9
    |
119 |         frag: &'a mut FragmentsBuffer,
    |         ^^^^ help: if this is intentional, prefix it with an underscore: `_frag`
    |
    = note: `#[warn(unused_variables)]` (part of `#[warn(unused)]`) on by default

warning: unused variable: `ip_repr`
   --> src/iface/interface/ipv4.rs:354:9
    |
354 |         ip_repr: Ipv4Repr,
    |         ^^^^^^^ help: if this is intentional, prefix it with an underscore: `_ip_repr`

warning: unreachable pattern
    --> src/iface/interface/mod.rs:1462:13
     |
1456 |             Medium::Ethernet => {
     |             ---------------- matches all the relevant values
...
1462 |             _ => (EthernetAddress::from_octets([0; 6]), tx_token),
     |             ^ no value can reach this
     |
     = note: `#[warn(unreachable_patterns)]` (part of `#[warn(unused)]`) on by default

warning: unreachable pattern
    --> src/iface/interface/mod.rs:1459:21
     |
1458 |                     (HardwareAddress::Ethernet(addr), tx_token) => (addr, tx_token),
     |                     ------------------------------------------- matches all the relevant values
1459 |                     (_, _) => unreachable!(),
     |                     ^^^^^^ no value can reach this

warning: unused variable: `repr`
    --> src/iface/interface/mod.rs:1469:26
     |
1469 |             IpRepr::Ipv4(repr) => {
     |                          ^^^^ help: if this is intentional, prefix it with an underscore: `_repr`

warning: irrefutable `let...else` pattern
   --> src/socket/dhcpv4.rs:332:9
    |
332 |         let HardwareAddress::Ethernet(ethernet_addr) = cx.hardware_addr() else {
    |         ^^^^^^^^^^^^^^^^^^^^^^^^^^^^^^^^^^^^^^^^^^^^^^^^^^^^^^^^^^^^^^^^^
    |
    = note: this pattern will always match, so the `else` clause is useless
    = help: consider removing the `else` clause
    = note: `#[warn(irrefutable_let_patterns)]` on by default

warning: irrefutable `let...else` pattern
   --> src/socket/dhcpv4.rs:583:9
    |
583 |         let HardwareAddress::Ethernet(ethernet_addr) = cx.hardware_addr() else {
    |         ^^^^^^^^^^^^^^^^^^^^^^^^^^^^^^^^^^^^^^^^^^^^^^^^^^^^^^^^^^^^^^^^^
    |
    = note: this pattern will always match, so the `else` clause is useless
    = help: consider removing the `else` clause

warning: variable does not need to be mutable
    --> src/socket/tcp.rs:2662:13
     |
2662 |         let mut ip_repr = Self::ip_repr_for_tuple(tuple, self.hop_limit.unwrap_or(64));
     |             ----^^^^^^^
     |             |
     |             help: remove this `mut`

warning: unused variable: `len`
   --> src/wire/icmpv6.rs:914:13
    |
914 |         let len = packet.checked_len()?;
    |             ^^^ help: if this is intentional, prefix it with an underscore: `_len`

warning: methods `link_local_ipv6_address` and `mldv2_report_packet` are never used
   --> src/iface/interface/ipv6.rs:182:8
    |
 32 | impl InterfaceInner {
    | ------------------- methods in this implementation
...
182 |     fn link_local_ipv6_address(&self) -> Option<Ipv6Address> {
    |        ^^^^^^^^^^^^^^^^^^^^^^^
...
630 |     pub(super) fn mldv2_report_packet<'any>(
    |                   ^^^^^^^^^^^^^^^^^^^
    |
    = note: `#[warn(dead_code)]` (part of `#[warn(unused)]`) on by default

warning: variant `HopByHopIcmpv6` is never constructed
   --> src/iface/packet.rs:367:5
    |
344 | pub(crate) enum IpPayload<'p> {
    |                 --------- variant in this enum
...
367 |     HopByHopIcmpv6(Ipv6HopByHopRepr<'p>, Icmpv6Repr<'p>),
    |     ^^^^^^^^^^^^^^
    |
    = note: `IpPayload` has a derived impl for the trait `Debug`, but this is intentionally ignored during dead code analysis

warning: constant `HTYPE` is never used
  --> src/wire/arp.rs:91:15
   |
91 |     pub const HTYPE: Field = 0..2;
   |               ^^^^^

warning: constant `PTYPE` is never used
  --> src/wire/arp.rs:92:15
   |
92 |     pub const PTYPE: Field = 2..4;
   |               ^^^^^

warning: method `into_repr` is never used
    --> src/wire/dhcpv4.rs:1310:19
     |
1295 | impl<'a> SizedRepr<'a> {
     | ---------------------- method in this implementation
...
1310 |     pub(crate) fn into_repr(self) -> Repr<'a> {
     |                   ^^^^^^^^^

warning: constant `DESTINATION` is never used
   --> src/wire/ethernet.rs:204:15
    |
204 |     pub const DESTINATION: Field = 0..6;
    |               ^^^^^^^^^^^

warning: constant `SOURCE` is never used
   --> src/wire/ethernet.rs:205:15
    |
205 |     pub const SOURCE: Field = 6..12;
    |               ^^^^^^

warning: constant `ETHERTYPE` is never used
   --> src/wire/ethernet.rs:206:15
    |
206 |     pub const ETHERTYPE: Field = 12..14;
    |               ^^^^^^^^^

warning: constant `CHECKSUM` is never used
   --> src/wire/icmpv6.rs:239:15
    |
239 |     pub const CHECKSUM: Field = 2..4;
    |               ^^^^^^^^

warning: constant `UNUSED` is never used
   --> src/wire/icmpv6.rs:241:15
    |
241 |     pub const UNUSED: Field = 4..8;
    |               ^^^^^^

warning: constant `MTU` is never used
   --> src/wire/icmpv6.rs:242:15
    |
242 |     pub const MTU: Field = 4..8;
    |               ^^^

warning: constant `POINTER` is never used
   --> src/wire/icmpv6.rs:243:15
    |
243 |     pub const POINTER: Field = 4..8;
    |               ^^^^^^^

warning: constant `ECHO_IDENT` is never used
   --> src/wire/icmpv6.rs:244:15
    |
244 |     pub const ECHO_IDENT: Field = 4..6;
    |               ^^^^^^^^^^

warning: constant `ECHO_SEQNO` is never used
   --> src/wire/icmpv6.rs:245:15
    |
245 |     pub const ECHO_SEQNO: Field = 6..8;
    |               ^^^^^^^^^^

warning: constant `HEADER_END` is never used
   --> src/wire/icmpv6.rs:247:15
    |
247 |     pub const HEADER_END: usize = 8;
    |               ^^^^^^^^^^

warning: constant `ROUTER_LT` is never used
   --> src/wire/icmpv6.rs:253:15
    |
253 |     pub const ROUTER_LT: Field = 6..8;
    |               ^^^^^^^^^

warning: constant `REACHABLE_TM` is never used
   --> src/wire/icmpv6.rs:254:15
    |
254 |     pub const REACHABLE_TM: Field = 8..12;
    |               ^^^^^^^^^^^^

warning: constant `RETRANS_TM` is never used
   --> src/wire/icmpv6.rs:255:15
    |
255 |     pub const RETRANS_TM: Field = 12..16;
    |               ^^^^^^^^^^

warning: constant `TARGET_ADDR` is never used
   --> src/wire/icmpv6.rs:258:15
    |
258 |     pub const TARGET_ADDR: Field = 8..24;
    |               ^^^^^^^^^^^

warning: constant `DEST_ADDR` is never used
   --> src/wire/icmpv6.rs:264:15
    |
264 |     pub const DEST_ADDR: Field = 24..40;
    |               ^^^^^^^^^

warning: constant `MAX_RESP_CODE` is never used
   --> src/wire/icmpv6.rs:270:15
    |
270 |     pub const MAX_RESP_CODE: Field = 4..6;
    |               ^^^^^^^^^^^^^

warning: constant `QUERY_RESV` is never used
   --> src/wire/icmpv6.rs:271:15
    |
271 |     pub const QUERY_RESV: Field = 6..8;
    |               ^^^^^^^^^^

warning: constant `QUERY_MCAST_ADDR` is never used
   --> src/wire/icmpv6.rs:272:15
    |
272 |     pub const QUERY_MCAST_ADDR: Field = 8..24;
    |               ^^^^^^^^^^^^^^^^

warning: constant `QUERY_NUM_SRCS` is never used
   --> src/wire/icmpv6.rs:275:15
    |
275 |     pub const QUERY_NUM_SRCS: Field = 26..28;
    |               ^^^^^^^^^^^^^^

warning: constant `RECORD_RESV` is never used
   --> src/wire/icmpv6.rs:278:15
    |
278 |     pub const RECORD_RESV: Field = 4..6;
    |               ^^^^^^^^^^^

warning: constant `NR_MCAST_RCRDS` is never used
   --> src/wire/icmpv6.rs:279:15
    |
279 |     pub const NR_MCAST_RCRDS: Field = 6..8;
    |               ^^^^^^^^^^^^^^

warning: constant `RECORD_NUM_SRCS` is never used
   --> src/wire/icmpv6.rs:284:15
    |
284 |     pub const RECORD_NUM_SRCS: Field = 2..4;
    |               ^^^^^^^^^^^^^^^

warning: constant `RECORD_MCAST_ADDR` is never used
   --> src/wire/icmpv6.rs:285:15
    |
285 |     pub const RECORD_MCAST_ADDR: Field = 4..20;
    |               ^^^^^^^^^^^^^^^^^

warning: associated function `from_u8` is never used
   --> src/wire/ipv4.rs:218:14
    |
205 | impl Ghost {
    | ---------- associated function in this implementation
...
218 |     const fn from_u8(_val: u8) -> Ghost {
    |              ^^^^^^^

warning: constant `LENGTH` is never used
   --> src/wire/ipv4.rs:261:15
    |
261 |     pub const LENGTH: Field = 2..4;
    |               ^^^^^^

warning: constant `IDENT` is never used
   --> src/wire/ipv4.rs:262:15
    |
262 |     pub const IDENT: Field = 4..6;
    |               ^^^^^

warning: constant `FLG_OFF` is never used
   --> src/wire/ipv4.rs:263:15
    |
263 |     pub const FLG_OFF: Field = 6..8;
    |               ^^^^^^^

warning: constant `CHECKSUM` is never used
   --> src/wire/ipv4.rs:266:15
    |
266 |     pub const CHECKSUM: Field = 10..12;
    |               ^^^^^^^^

warning: constant `SRC_ADDR` is never used
   --> src/wire/ipv4.rs:267:15
    |
267 |     pub const SRC_ADDR: Field = 12..16;
    |               ^^^^^^^^

warning: method `is_solicited_node_multicast` is never used
   --> src/wire/ipv6.rs:126:8
    |
 81 | pub(crate) trait AddressExt {
    |                  ---------- method in this trait
...
126 |     fn is_solicited_node_multicast(&self) -> bool;
    |        ^^^^^^^^^^^^^^^^^^^^^^^^^^^

warning: constant `VER_TC_FLOW` is never used
   --> src/wire/ipv6.rs:406:15
    |
406 |     pub const VER_TC_FLOW: Field = 0..4;
    |               ^^^^^^^^^^^

warning: constant `LENGTH` is never used
   --> src/wire/ipv6.rs:409:15
    |
409 |     pub const LENGTH: Field = 4..6;
    |               ^^^^^^

warning: constant `SRC_ADDR` is never used
   --> src/wire/ipv6.rs:417:15
    |
417 |     pub const SRC_ADDR: Field = 8..24;
    |               ^^^^^^^^

warning: constant `FR_OF_M` is never used
  --> src/wire/ipv6fragment.rs:30:15
   |
30 |     pub const FR_OF_M: Field = 0..2;
   |               ^^^^^^^

warning: constant `M` is never used
  --> src/wire/ipv6fragment.rs:34:15
   |
34 |     pub const M: usize = 1;
   |               ^

warning: function `DATA` is never used
   --> src/wire/ipv6option.rs:192:18
    |
192 |     pub const fn DATA(length: u8) -> Field {
    |                  ^^^^

warning: constant `MIN_OPT_LEN` is never used
   --> src/wire/ndiscoption.rs:142:15
    |
142 |     pub const MIN_OPT_LEN: usize = 8;
    |               ^^^^^^^^^^^

warning: function `DATA` is never used
   --> src/wire/ndiscoption.rs:144:18
    |
144 |     pub const fn DATA(length: u8) -> Field {
    |                  ^^^^

warning: constant `PREFIX` is never used
   --> src/wire/ndiscoption.rs:188:15
    |
188 |     pub const PREFIX: Field = 16..32;
    |               ^^^^^^

warning: constant `REDIR_MIN_SZ` is never used
   --> src/wire/ndiscoption.rs:203:15
    |
203 |     pub const REDIR_MIN_SZ: usize = 48;
    |               ^^^^^^^^^^^^

warning: constant `MTU` is never used
   --> src/wire/ndiscoption.rs:213:15
    |
213 |     pub const MTU: Field = 4..8;
    |               ^^^

warning: constant `SRC_PORT` is never used
   --> src/wire/tcp.rs:374:15
    |
374 |     pub const SRC_PORT: Field = 0..2;
    |               ^^^^^^^^

warning: constant `DST_PORT` is never used
   --> src/wire/tcp.rs:375:15
    |
375 |     pub const DST_PORT: Field = 2..4;
    |               ^^^^^^^^

warning: constant `SEQ_NUM` is never used
   --> src/wire/tcp.rs:376:15
    |
376 |     pub const SEQ_NUM: Field = 4..8;
    |               ^^^^^^^

warning: constant `ACK_NUM` is never used
   --> src/wire/tcp.rs:377:15
    |
377 |     pub const ACK_NUM: Field = 8..12;
    |               ^^^^^^^

warning: constant `FLAGS` is never used
   --> src/wire/tcp.rs:378:15
    |
378 |     pub const FLAGS: Field = 12..14;
    |               ^^^^^

warning: constant `WIN_SIZE` is never used
   --> src/wire/tcp.rs:379:15
    |
379 |     pub const WIN_SIZE: Field = 14..16;
    |               ^^^^^^^^

warning: constant `CHECKSUM` is never used
   --> src/wire/tcp.rs:380:15
    |
380 |     pub const CHECKSUM: Field = 16..18;
    |               ^^^^^^^^

warning: function `OPTIONS` is never used
   --> src/wire/tcp.rs:383:18
    |
383 |     pub const fn OPTIONS(length: u8) -> Field {
    |                  ^^^^^^^

warning: method `emit_header` is never used
   --> src/wire/udp.rs:589:19
    |
474 | impl Repr {
    | --------- method in this implementation
...
589 |     pub(crate) fn emit_header<T>(&self, packet: &mut Packet<T>, payload_len: usize)
    |                   ^^^^^^^^^^^

warning: constant `SRC_PORT` is never used
  --> src/wire/udp.rs:69:15
   |
69 |     pub const SRC_PORT: Field = 0..2;
   |               ^^^^^^^^

warning: constant `DST_PORT` is never used
  --> src/wire/udp.rs:70:15
   |
70 |     pub const DST_PORT: Field = 2..4;
   |               ^^^^^^^^

warning: constant `LENGTH` is never used
  --> src/wire/udp.rs:71:15
   |
71 |     pub const LENGTH: Field = 4..6;
   |               ^^^^^^

warning: function `PAYLOAD` is never used
  --> src/wire/udp.rs:74:18
   |
74 |     pub const fn PAYLOAD(length: u16) -> Field {
   |                  ^^^^^^^

warning: function `prefix` is never used
  --> src/flux_util.rs:33:8
   |
33 | pub fn prefix<T>(data: &[T], n: usize) -> &[T] {
   |        ^^^^^^

